---
source: crates/llm/src/golden_tests.rs
description: src/tests/response/vertex-gemini/basic.json
info:
  candidates:
    - content:
        role: model
        parts:
          - text: The provider is Gemini.
      finishReason: STOP
      index: 0
  usageMetadata:
    promptTokenCount: 8
    candidatesTokenCount: 6
    totalTokenCount: 14
  modelVersion: gemini-2.5-pro
  responseId: resp-basic-1
---
{
  "response": {
    "candidates": [
      {
        "content": {
          "role": "model",
          "parts": [
            {
              "text": "The provider is Gemini."
            }
          ]
        },
        "finishReason": "STOP",
        "index": 0
      }
    ],
    "usageMetadata": {
      "promptTokenCount": 8,
      "candidatesTokenCount": 6,
      "totalTokenCount": 14
    },
    "responseId": "resp-basic-1",
    "modelVersion": "gemini-2.5-pro"
  },
  "parsed": {
    "input_tokens": 8,
    "output_tokens": 6,
    "total_tokens": 14,
    "provider_model": "gemini-2.5-pro"
  }
}
