---
source: crates/llm/src/golden_tests.rs
description: src/tests/response/vertex-gemini/blocked.json
info:
  candidates: []
  promptFeedback:
    blockReason: SAFETY
  usageMetadata:
    promptTokenCount: 12
    totalTokenCount: 12
  modelVersion: gemini-2.5-pro
---
{
  "response": {
    "promptFeedback": {
      "blockReason": "SAFETY"
    },
    "usageMetadata": {
      "promptTokenCount": 12,
      "totalTokenCount": 12
    },
    "modelVersion": "gemini-2.5-pro"
  },
  "parsed": {
    "input_tokens": 12,
    "output_tokens": 0,
    "total_tokens": 12,
    "provider_model": "gemini-2.5-pro"
  }
}
