---
source: crates/llm/src/golden_tests.rs
description: src/tests/requests/embeddings/array.json
info:
  model: text-embedding-3-small
  input:
    - hello
    - world
---
{
  "request": {
    "instances": [
      {
        "content": "hello",
        "task_type": "RETRIEVAL_QUERY"
      },
      {
        "content": "world",
        "task_type": "RETRIEVAL_QUERY"
      }
    ]
  },
  "parsed": {
    "input_format": "Embeddings",
    "cache_convention": "InputIncludesCache",
    "request_model": "text-embedding-3-small",
    "provider": "vertex",
    "streaming": false,
    "params": {}
  }
}
