---
source: crates/llm/src/golden_tests.rs
description: src/tests/requests/embeddings/array.json
info:
  model: text-embedding-3-small
  input:
    - hello
    - world
---
{
  "instances": [
    {
      "content": "hello",
      "task_type": "RETRIEVAL_QUERY"
    },
    {
      "content": "world",
      "task_type": "RETRIEVAL_QUERY"
    }
  ]
}
