---
source: crates/agentgateway/src/llm/tests.rs
description: src/llm/tests/requests/count-tokens/basic.json
info:
  model: claude-3-5-sonnet-20241022
  messages:
    - role: user
      content: "Hello, how are you?"
---
{
  "messages": [
    {
      "role": "user",
      "content": "Hello, how are you?"
    }
  ],
  "model": "anthropic/claude-sonnet-4-5",
  "anthropic_version": "vertex-2023-10-16"
}
