---
source: crates/llm/src/golden_tests.rs
description: src/tests/requests/responses/input-list.json
info:
  input:
    - role: user
      content: Hello
  model: gpt-4o
  stream: true
---
{
  "messages": [
    {
      "role": "user",
      "content": "Hello"
    }
  ],
  "model": "gpt-4o",
  "stream": true,
  "stream_options": {
    "include_usage": true
  }
}
