---
source: crates/llm/src/golden_tests.rs
description: src/tests/requests/responses/instructions.json
info:
  model: gpt-4o
  max_output_tokens: 1024
  instructions: Always use the get_weather tool for weather questions.
  input: What is the weather like in San Francisco?
---
{
  "request": {
    "modelId": "gpt-4o",
    "messages": [
      {
        "role": "user",
        "content": [
          {
            "text": "What is the weather like in San Francisco?"
          }
        ]
      }
    ],
    "system": [
      {
        "text": "Always use the get_weather tool for weather questions."
      }
    ],
    "inferenceConfig": {
      "maxTokens": 1024
    }
  },
  "parsed": {
    "input_format": "Responses",
    "cache_convention": "InputIncludesCache",
    "request_model": "gpt-4o",
    "provider": "bedrock",
    "streaming": false,
    "params": {
      "max_tokens": 1024
    },
    "prompt": [
      {
        "role": "system",
        "content": "Always use the get_weather tool for weather questions."
      },
      {
        "role": "user",
        "content": "What is the weather like in San Francisco?"
      }
    ]
  }
}
