---
source: crates/agentgateway/src/llm/tests.rs
description: src/llm/tests/requests/completions/reasoning_max.json
info:
  model: claude-opus-4-6
  messages:
    - role: user
      content: Deeply analyze quantum gravity
  reasoning_effort: xhigh
---
{
  "messages": [
    {
      "role": "user",
      "content": [
        {
          "type": "text",
          "text": "Deeply analyze quantum gravity"
        }
      ]
    }
  ],
  "model": "claude-opus-4-6",
  "max_tokens": 4096,
  "thinking": {
    "type": "enabled",
    "budget_tokens": 4096
  }
}
