---
source: crates/llm/src/golden_tests.rs
description: src/tests/response/bedrock/cache_write.json
info:
  output:
    message:
      role: assistant
      content:
        - text: ok
  stopReason: end_turn
  usage:
    inputTokens: 16
    outputTokens: 9
    totalTokens: 2412
    cacheReadInputTokens: 0
    cacheWriteInputTokens: 2387
  metrics:
    latencyMs: 2083
---
{
  "response": {
    "model": "input-model",
    "usage": {
      "prompt_tokens": 16,
      "completion_tokens": 9,
      "total_tokens": 2412,
      "prompt_tokens_details": {
        "cached_tokens": 0,
        "cache_write_tokens": 2387
      },
      "cache_read_input_tokens": 0,
      "cache_creation_input_tokens": 2387
    },
    "choices": [
      {
        "message": {
          "content": "ok",
          "role": "assistant"
        },
        "index": 0,
        "finish_reason": "stop"
      }
    ],
    "id": "[id]",
    "created": "[date]",
    "object": "chat.completion"
  },
  "parsed": {
    "input_tokens": 16,
    "output_tokens": 9,
    "total_tokens": 2412,
    "cache_creation_input_tokens": 2387,
    "cached_input_tokens": 0,
    "provider_model": "input-model"
  }
}
