---
source: crates/agentgateway/src/llm/tests.rs
expression: result
---
{
  "modelId": "claude-opus-4-1-20250805",
  "messages": [
    {
      "role": "user",
      "content": [
        {
          "text": "What is the weather like in San Francisco?"
        }
      ]
    }
  ],
  "inferenceConfig": {
    "maxTokens": 1024
  },
  "toolConfig": {
    "tools": [
      {
        "toolSpec": {
          "name": "get_weather",
          "description": "Get the current weather in a given location",
          "inputSchema": {
            "json": {
              "type": "object",
              "properties": {
                "location": {
                  "type": "string",
                  "description": "The city and state, e.g. San Francisco, CA"
                }
              },
              "required": [
                "location"
              ]
            }
          }
        }
      }
    ]
  }
}
