---
source: crates/agentgateway/src/llm/tests.rs
expression: result
---
{
  "modelId": "claude-sonnet-4-20250514",
  "messages": [
    {
      "role": "user",
      "content": [
        {
          "text": "Hello, world"
        }
      ]
    }
  ],
  "inferenceConfig": {
    "maxTokens": 1024
  }
}
