---
source: crates/agentgateway/src/llm/tests.rs
expression: result
---
{
  "id": "[id]",
  "type": "message",
  "role": "assistant",
  "content": [
    {
      "type": "text",
      "text": "Hello world"
    }
  ],
  "model": "claude-3-5-sonnet-20241022",
  "stop_reason": "end_turn",
  "stop_sequence": null,
  "usage": {
    "input_tokens": 18,
    "output_tokens": 46
  }
}
