---
source: crates/agentgateway/src/llm/tests.rs
description: src/llm/tests/requests/messages/reasoning.json
info:
  model: claude-opus-4-6
  max_tokens: 1024
  thinking:
    type: adaptive
  output_config:
    effort: high
  messages:
    - role: user
      content: Give one concise insight about distributed consensus.
---
{
  "modelId": "claude-opus-4-6",
  "messages": [
    {
      "role": "user",
      "content": [
        {
          "text": "Give one concise insight about distributed consensus."
        }
      ]
    }
  ],
  "inferenceConfig": {
    "maxTokens": 1024
  },
  "additionalModelRequestFields": {
    "thinking": {
      "type": "adaptive"
    },
    "output_config": {
      "effort": "high"
    }
  }
}
