---
source: crates/llm/src/golden_tests.rs
description: src/tests/requests/completions/basic.json
info:
  model: replaceme
  messages:
    - role: system
      content: You are a helpful assistant.
    - role: user
      content: What is the name of the LLM provider?
---
{
  "request": {
    "contents": [
      {
        "role": "user",
        "parts": [
          {
            "text": "What is the name of the LLM provider?"
          }
        ]
      }
    ],
    "systemInstruction": {
      "parts": [
        {
          "text": "You are a helpful assistant."
        }
      ]
    }
  },
  "parsed": {
    "input_format": "Completions",
    "cache_convention": "InputIncludesCache",
    "request_model": "replaceme",
    "provider": "vertex",
    "streaming": false,
    "params": {},
    "prompt": [
      {
        "role": "system",
        "content": "You are a helpful assistant."
      },
      {
        "role": "user",
        "content": "What is the name of the LLM provider?"
      }
    ]
  }
}
