---
source: crates/llm/src/golden_tests.rs
description: src/tests/requests/completions/image-file.json
info:
  model: gemini-2.5-pro
  messages:
    - role: user
      content:
        - type: text
          text: Describe this image.
        - type: image_url
          image_url:
            url: "gs://my-bucket/photo.png"
---
{
  "request": {
    "contents": [
      {
        "role": "user",
        "parts": [
          {
            "text": "Describe this image."
          },
          {
            "fileData": {
              "mimeType": "image/png",
              "fileUri": "gs://my-bucket/photo.png"
            }
          }
        ]
      }
    ]
  },
  "parsed": {
    "input_format": "Completions",
    "cache_convention": "InputIncludesCache",
    "request_model": "gemini-2.5-pro",
    "provider": "vertex",
    "streaming": false,
    "params": {},
    "prompt": [
      {
        "role": "user",
        "content": "Describe this image."
      }
    ]
  }
}
