---
source: crates/llm/src/golden_tests.rs
description: src/tests/requests/completions/image-inline.json
info:
  model: gemini-2.5-pro
  messages:
    - role: user
      content:
        - type: text
          text: "What's in this image?"
        - type: image_url
          image_url:
            url: "data:image/jpg;base64,/9j/4AAQSkZJRgABAQ=="
---
{
  "contents": [
    {
      "role": "user",
      "parts": [
        {
          "text": "What's in this image?"
        },
        {
          "inlineData": {
            "mimeType": "image/jpeg",
            "data": "/9j/4AAQSkZJRgABAQ=="
          }
        }
      ]
    }
  ]
}
