---
source: crates/llm/src/golden_tests.rs
description: src/tests/requests/completions/reasoning.json
info:
  model: gpt-3.5-turbo
  messages:
    - role: user
      content: How is the current weather in Columbus?
  reasoning_effort: medium
---
{
  "request": {
    "contents": [
      {
        "role": "user",
        "parts": [
          {
            "text": "How is the current weather in Columbus?"
          }
        ]
      }
    ],
    "generationConfig": {
      "thinkingConfig": {
        "thinkingBudget": 2048,
        "includeThoughts": true
      }
    }
  },
  "parsed": {
    "input_format": "Completions",
    "cache_convention": "InputIncludesCache",
    "request_model": "gpt-3.5-turbo",
    "provider": "vertex",
    "streaming": false,
    "params": {},
    "prompt": [
      {
        "role": "user",
        "content": "How is the current weather in Columbus?"
      }
    ]
  }
}
