---
source: crates/llm/src/golden_tests.rs
description: src/tests/requests/completions/reasoning_max.json
info:
  model: claude-opus-4-6
  messages:
    - role: user
      content: Deeply analyze quantum gravity
  reasoning_effort: xhigh
---
{
  "request": {
    "contents": [
      {
        "role": "user",
        "parts": [
          {
            "text": "Deeply analyze quantum gravity"
          }
        ]
      }
    ],
    "generationConfig": {
      "thinkingConfig": {
        "thinkingBudget": 8192,
        "includeThoughts": true
      }
    }
  },
  "parsed": {
    "input_format": "Completions",
    "cache_convention": "InputIncludesCache",
    "request_model": "claude-opus-4-6",
    "provider": "vertex",
    "streaming": false,
    "params": {},
    "prompt": [
      {
        "role": "user",
        "content": "Deeply analyze quantum gravity"
      }
    ]
  }
}
