---
source: crates/agentgateway/src/import.rs
description: src/tests/import/litellm/incompatible-routing.yaml
---
source: litellm
config:
  config:
    database:
      url: "sqlite://data.db"
  gateways:
    default:
      port: 4000
  ui:
    gateways: default
  llm:
    gateways: default
    models:
      - name: imported/litellm/chat/1
        visibility: internal
        provider: openAI
        params:
          model: gpt-4o
      - name: imported/litellm/chat/2
        visibility: internal
        provider: openAI
        params:
          model: gpt-4o-mini
    virtualModels:
      - name: chat
        routing:
          weighted:
            targets:
              - model: imported/litellm/chat/1
                weight: 1
              - model: imported/litellm/chat/2
                weight: 1
findings:
  - sourcePath: "model_list[0].litellm_params.rpm"
    status: manual
    message: RPM capacity was not converted because the routing strategy is not simple-shuffle
  - sourcePath: "model_list[0]"
    status: exact
    message: Imported model deployment for chat
  - sourcePath: "model_list[1].litellm_params.tpm"
    status: manual
    message: TPM capacity is not mapped automatically
  - sourcePath: "model_list[1].litellm_params.rpm"
    status: manual
    message: RPM capacity was not converted because the routing strategy is not simple-shuffle
  - sourcePath: "model_list[1]"
    status: exact
    message: Imported model deployment for chat
  - sourcePath: router_settings.routing_strategy
    status: unsupported
    message: "LiteLLM routing strategy \"least-busy\" is not preserved; generated routes use equal weights or priority failover"
