---
source: crates/agentgateway/src/import.rs
description: src/tests/import/litellm/unmapped-fields.yaml
---
source: litellm
config:
  config:
    database:
      url: "sqlite://data.db"
  gateways:
    default:
      port: 4000
  ui:
    gateways: default
  llm:
    gateways: default
    models:
      - name: chat
        provider: openAI
        params:
          model: gpt-4o
findings:
  - sourcePath: "model_list[0].model_info.id"
    status: manual
    message: LiteLLM model metadata requires manual review and was not emitted
  - sourcePath: "model_list[0].custom_model_field"
    status: unsupported
    message: Unrecognized LiteLLM model field was not emitted
  - sourcePath: "model_list[0]"
    status: exact
    message: Imported model deployment for chat
  - sourcePath: general_settings.master_key
    status: manual
    message: Requires manual review and was not emitted
  - sourcePath: environment_variables.LOG_LEVEL
    status: manual
    message: Requires manual review and was not emitted
  - sourcePath: credential_list
    status: unsupported
    message: Unrecognized LiteLLM top-level field was not emitted
  - sourcePath: custom_section
    status: unsupported
    message: Unrecognized LiteLLM top-level field was not emitted
