---
source: crates/agentgateway/src/import.rs
description: src/tests/import/litellm/unsupported-provider.yaml
---
source: litellm
config:
  config:
    database:
      url: "sqlite://data.db"
  gateways:
    default:
      port: 4000
  ui:
    gateways: default
  llm:
    gateways: default
    models: []
findings:
  - sourcePath: "model_list[0].litellm_params.model"
    status: unsupported
    message: "LiteLLM provider \"unknown\" is not supported by this importer"
