---
source: crates/agentgateway/src/llm/tests.rs
description: src/llm/tests/response/bedrock/reasoning.bin
---
event: message_start
data: {"type":"message_start","message":{"id":"","type":"message","role":"assistant","content":[],"model":"input-model","stop_reason":null,"stop_sequence":null,"usage":{"input_tokens":0,"output_tokens":0}}}

event: content_block_start
data: {"type":"content_block_start","index":0,"content_block":{"type":"thinking","thinking":"","signature":""}}

event: content_block_delta
data: {"type":"content_block_delta","index":0,"delta":{"type":"thinking_delta","thinking":"Two plus two is four."}}

event: content_block_delta
data: {"type":"content_block_delta","index":0,"delta":{"type":"signature_delta","signature":"SIG-xyz=="}}

event: content_block_start
data: {"type":"content_block_start","index":1,"content_block":{"type":"text","text":""}}

event: content_block_delta
data: {"type":"content_block_delta","index":1,"delta":{"type":"text_delta","text":"The answer is 4."}}

event: message_delta
data: {"type":"message_delta","delta":{"stop_reason":"end_turn","stop_sequence":null},"usage":{"input_tokens":18,"output_tokens":46}}

event: message_stop
data: {"type":"message_stop"}



{
  "input_tokens": 18,
  "output_tokens": 46,
  "total_tokens": 64
}
