---
source: crates/agentgateway/src/llm/tests.rs
description: src/llm/tests/response/bedrock/rerank.json
info:
  results:
    - index: 2
      relevanceScore: 0.9
    - index: 0
      relevanceScore: 0.1
---
{
  "response": {
    "results": [
      {
        "index": 2,
        "relevance_score": 0.9
      },
      {
        "index": 0,
        "relevance_score": 0.1
      }
    ]
  },
  "parsed": {}
}
