---
source: crates/agentgateway/src/llm/tests.rs
description: src/llm/tests/response_anthropic_basic.json
info: "{\n  \"id\": \"msg_012JYtNYb8sv6Hb67TcGT7xW\",\n  \"type\": \"message\",\n  \"role\": \"assistant\",\n  \"model\": \"claude-3-5-haiku-20241022\",\n  \"content\": [\n    {\n      \"type\": \"text\",\n      \"text\": \"Hi there! How are you doing today? Is there anything I can help you with?\"\n    }\n  ],\n  \"stop_reason\": \"end_turn\",\n  \"stop_sequence\": null,\n  \"usage\": {\n    \"input_tokens\": 15,\n    \"cache_creation_input_tokens\": 0,\n    \"cache_read_input_tokens\": 0,\n    \"output_tokens\": 21,\n    \"service_tier\": \"standard\"\n  }\n}\n"
---
{
  "model": "claude-3-5-haiku-20241022",
  "usage": {
    "prompt_tokens": 15,
    "completion_tokens": 21,
    "total_tokens": 36
  },
  "choices": [
    {
      "message": {
        "content": "Hi there! How are you doing today? Is there anything I can help you with?",
        "role": "assistant"
      },
      "index": 0,
      "finish_reason": "stop"
    }
  ],
  "id": "[id]",
  "created": "[date]",
  "object": "chat.completion"
}
