---
source: crates/agentgateway/src/llm/tests.rs
description: Bedrock → Anthropic Messages SSE
---
event: message_start
data: {"type":"message_start","message":{"id":"msg_xxx","type":"message","role":"assistant","content":[],"model":"claude-3-5-sonnet-20241022","stop_reason":null,"stop_sequence":null,"usage":{"input_tokens":0,"output_tokens":0}}}

event: content_block_start
data: {"type":"content_block_start","index":0,"content_block":{"type":"text","text":""}}

event: content_block_delta
data: {"type":"content_block_delta","index":0,"delta":{"type":"text_delta","text":"\nOnce upon a time, there was a little boy named Jack who loved to play with his friends in the park. His favorite activity was to climb the tallest tree and swing on the strongest branch. One day, Jac"}}

event: content_block_delta
data: {"type":"content_block_delta","index":0,"delta":{"type":"text_delta","text":"k and his friends were playing when they heard a loud noise coming from the tree. They ran over to investigate and found a large bird trapped inside.\n\nJack knew that he had to help the bird, so he climbed up the tree and gently removed the bird from the branches. The bird was grateful and thanked Jack for his help"}}

event: content_block_delta
data: {"type":"content_block_delta","index":0,"delta":{"type":"text_delta","text":". From that day on, Jack became known as the bird whisperer in the park and everyone loved to hear his stories about the birds he had helped."}}

event: content_block_stop
data: {"type":"content_block_stop","index":0}

event: message_delta
data: {"type":"message_delta","delta":{"stop_reason":"end_turn","stop_sequence":null},"usage":{"input_tokens":15,"output_tokens":142}}

event: message_stop
data: {"type":"message_stop"}
