---
source: crates/agentgateway/src/llm/tests.rs
description: "bedrock-messages: request_anthropic_tools"
info:
  model: claude-opus-4-6
  max_tokens: 1024
  tools:
    - name: get_weather
      description: Get the current weather in a given location
      input_schema:
        type: object
        properties:
          location:
            type: string
            description: "The city and state, e.g. San Francisco, CA"
        required:
          - location
  messages:
    - role: user
      content: What is the weather like in San Francisco?
---
{
  "modelId": "claude-opus-4-6",
  "messages": [
    {
      "role": "user",
      "content": [
        {
          "text": "What is the weather like in San Francisco?"
        }
      ]
    }
  ],
  "inferenceConfig": {
    "maxTokens": 1024
  },
  "toolConfig": {
    "tools": [
      {
        "toolSpec": {
          "name": "get_weather",
          "description": "Get the current weather in a given location",
          "inputSchema": {
            "json": {
              "type": "object",
              "properties": {
                "location": {
                  "type": "string",
                  "description": "The city and state, e.g. San Francisco, CA"
                }
              },
              "required": [
                "location"
              ]
            }
          }
        }
      }
    ]
  }
}
