---
source: crates/agentgateway/src/llm/tests.rs
description: "bedrock-messages: request_anthropic_basic"
info:
  model: claude-sonnet-4-20250514
  max_tokens: 1024
  messages:
    - role: user
      content: "Hello, world"
---
{
  "modelId": "claude-sonnet-4-20250514",
  "messages": [
    {
      "role": "user",
      "content": [
        {
          "text": "Hello, world"
        }
      ]
    }
  ],
  "inferenceConfig": {
    "maxTokens": 1024
  }
}
