---
source: crates/agentgateway/src/llm/tests.rs
description: "bedrock-count-tokens: request_count_tokens_with_system"
info:
  model: claude-3-5-sonnet-20241022
  system: You are a helpful assistant.
  messages:
    - role: user
      content: What is the weather today?
---
{
  "input": {
    "invokeModel": {
      "body": "eyJtYXhfdG9rZW5zIjoxLCJhbnRocm9waWNfdmVyc2lvbiI6IjIwMjMtMDYtMDEifQ=="
    }
  }
}
