---
source: crates/agentgateway/src/llm/tests.rs
assertion_line: 38
description: src/llm/tests/response_bedrock_cohere_embeddings.json
info:
  embeddings:
    - - 0.1
      - 0.2
      - 0.3
    - - 0.4
      - 0.5
      - 0.6
  id: "123"
  texts:
    - hello
    - world
---
{
  "object": "list",
  "model": "cohere.embed-english-v3",
  "data": [
    {
      "index": 0,
      "object": "embedding",
      "embedding": [
        0.1,
        0.2,
        0.3
      ]
    },
    {
      "index": 1,
      "object": "embedding",
      "embedding": [
        0.4,
        0.5,
        0.6
      ]
    }
  ],
  "usage": {
    "prompt_tokens": 0,
    "total_tokens": 0
  }
}
