---
source: crates/agentgateway/src/llm/tests.rs
description: src/llm/tests/response_bedrock_basic.json
info:
  output:
    message:
      role: assistant
      content:
        - text: Hello world
  stopReason: end_turn
  usage:
    inputTokens: 18
    outputTokens: 46
    totalTokens: 64
  metrics:
    latencyMs: 2083
---
{
  "id": "[id]",
  "type": "message",
  "role": "assistant",
  "model": "fake-model",
  "stop_reason": "end_turn",
  "stop_sequence": null,
  "usage": {
    "input_tokens": 18,
    "output_tokens": 46
  },
  "content": [
    {
      "text": "Hello world",
      "type": "text"
    }
  ]
}
