---
source: crates/agentgateway/src/llm/tests.rs
description: "vertex-count-tokens: request_count_tokens_basic"
info:
  model: claude-3-5-sonnet-20241022
  messages:
    - role: user
      content: "Hello, how are you?"
---
{
  "anthropic_version": "vertex-2023-10-16",
  "messages": [
    {
      "role": "user",
      "content": "Hello, how are you?"
    }
  ]
}
