---
source: crates/llm/src/golden_tests.rs
description: src/tests/requests/gemini/tools.json
info:
  contents:
    - role: user
      parts:
        - text: What is the weather in Boston?
    - role: model
      parts:
        - functionCall:
            name: get_weather
            id: fc_1
            args:
              location: Boston
              unit: celsius
          thoughtSignature: CjEBc2lnbmF0dXJlLWZvci10aGUtY2FsbA==
    - role: user
      parts:
        - functionResponse:
            name: get_weather
            id: fc_1
            response:
              temperature: 12
              conditions: rain
  tools:
    - functionDeclarations:
        - name: get_weather
          description: Get the current weather for a city
          parameters:
            type: object
            properties:
              location:
                type: string
              unit:
                type: string
                enum:
                  - celsius
                  - fahrenheit
            required:
              - location
          behavior: BLOCKING
    - googleSearch: {}
    - codeExecution: {}
    - urlContext: {}
  toolConfig:
    functionCallingConfig:
      mode: ANY
      allowedFunctionNames:
        - get_weather
---
[
  {
    "role": "user",
    "parts": [
      {
        "type": "text",
        "text": "What is the weather in Boston?"
      }
    ]
  },
  {
    "role": "assistant",
    "parts": [
      {
        "type": "toolCall",
        "id": "fc_1",
        "name": "get_weather",
        "arguments": {
          "location": "Boston",
          "unit": "celsius"
        }
      }
    ]
  },
  {
    "role": "user",
    "parts": [
      {
        "type": "toolResult",
        "id": "fc_1",
        "name": "get_weather",
        "content": {
          "temperature": 12,
          "conditions": "rain"
        }
      }
    ]
  }
]
