---
source: crates/llm/src/golden_tests.rs
description: src/tests/response/completions/cache_write.json
info:
  id: chatcmpl-cache-write
  object: chat.completion
  created: 1784217600
  model: gpt-5.6
  choices:
    - index: 0
      message:
        role: assistant
        content: cached response
      finish_reason: stop
  usage:
    prompt_tokens: 1000
    completion_tokens: 10
    total_tokens: 1010
    prompt_tokens_details:
      cached_tokens: 300
      cache_write_tokens: 200
    completion_tokens_details:
      reasoning_tokens: 0
  service_tier: default
---
{
  "response": {
    "id": "[id]",
    "type": "message",
    "role": "assistant",
    "content": [
      {
        "type": "text",
        "text": "cached response"
      }
    ],
    "model": "gpt-5.6",
    "stop_reason": "end_turn",
    "stop_sequence": null,
    "usage": {
      "input_tokens": 500,
      "output_tokens": 10,
      "cache_creation_input_tokens": 200,
      "cache_read_input_tokens": 300,
      "service_tier": "default"
    }
  },
  "parsed": {
    "input_tokens": 500,
    "output_tokens": 10,
    "total_tokens": 510,
    "cache_creation_input_tokens": 200,
    "cached_input_tokens": 300,
    "service_tier": "default",
    "provider_model": "gpt-5.6"
  }
}
