---
source: crates/llm/src/golden_tests.rs
description: src/tests/response/completions/cache_write.json
info:
  id: chatcmpl-C3kBOLGARFj2WJrm5MRyuTiK4u6eF
  object: chat.completion
  created: 1755008546
  model: gpt-5.6
  choices:
    - index: 0
      message:
        role: assistant
        content: The document says the answer is 42.
        refusal: ~
        annotations: []
      logprobs: ~
      finish_reason: stop
  usage:
    prompt_tokens: 1000
    completion_tokens: 12
    total_tokens: 1012
    prompt_tokens_details:
      cached_tokens: 600
      cache_write_tokens: 300
      audio_tokens: 0
    completion_tokens_details:
      reasoning_tokens: 0
      audio_tokens: 0
      accepted_prediction_tokens: 0
      rejected_prediction_tokens: 0
  service_tier: default
  system_fingerprint: ~
---
{
  "response": {
    "id": "[id]",
    "type": "message",
    "role": "assistant",
    "content": [
      {
        "type": "text",
        "text": "The document says the answer is 42."
      }
    ],
    "model": "gpt-5.6",
    "stop_reason": "end_turn",
    "stop_sequence": null,
    "usage": {
      "input_tokens": 1000,
      "output_tokens": 12,
      "cache_creation_input_tokens": 300,
      "cache_read_input_tokens": 600,
      "service_tier": "default"
    }
  },
  "parsed": {
    "input_tokens": 1000,
    "input_audio_tokens": 0,
    "output_tokens": 12,
    "output_audio_tokens": 0,
    "total_tokens": 1012,
    "cache_creation_input_tokens": 300,
    "cached_input_tokens": 600,
    "service_tier": "default",
    "provider_model": "gpt-5.6"
  }
}
